// Jest Snapshot v1, https://goo.gl/fbAQLP

exports[`Context stores the information 1`] = `
<span>
  {"now":"2017-02-08T21:21:00.000Z","cook":{"value":"PT2H30M"},"ready":{"value":"PT6H30M"},"wait":"PT14H39M"}
</span>
`;

exports[`renders without crashing 1`] = `"13:21"`;
